[    1580ms] [LOG] Angular is running in development mode. @ http://localhost:4200/@fs/C:/Don-Papa/Backend-Don-Papa/client/.angular/cache/20.3.17/client/vite/deps/chunk-WHIVADGR.js?v=d5443163:14745
[    1945ms] [LOG] [TRACE][UsersApi.getProfile] raw response: {"correo":"juancastaneda120507@gmail.com","tipoUsuario":"cliente","id":2,"activo":true} @ http://localhost:4200/chunk-J7NUJQ44.js:59
[    1945ms] [LOG] [TRACE][UsersApi.getProfile] normalizing flat profile response @ http://localhost:4200/chunk-J7NUJQ44.js:68
[    2069ms] [LOG] [TRACE] --- getProfile START --- @ http://localhost:4200/chunk-PZCNFT7E.js:1205
[    2512ms] [LOG] [TRACE][UsersApi.getProfile] raw response: {"correo":"juancastaneda120507@gmail.com","tipoUsuario":"cliente","id":2,"activo":true} @ http://localhost:4200/chunk-J7NUJQ44.js:59
[    2513ms] [LOG] [TRACE][UsersApi.getProfile] normalizing flat profile response @ http://localhost:4200/chunk-J7NUJQ44.js:68
[    2514ms] [LOG] [TRACE] getProfile success: true @ http://localhost:4200/chunk-PZCNFT7E.js:1208
[    2515ms] [LOG] [TRACE] getProfile data: {"correo":"juancastaneda120507@gmail.com","tipoUsuario":"cliente","id":2,"activo":true} @ http://localhost:4200/chunk-PZCNFT7E.js:1209
[    2518ms] [LOG] [TRACE] getProfile data.cliente: undefined @ http://localhost:4200/chunk-PZCNFT7E.js:1210
[    2518ms] [LOG] [TRACE] perfil asignado: {"correo":"juancastaneda120507@gmail.com","tipoUsuario":"cliente","id":2,"activo":true} @ http://localhost:4200/chunk-PZCNFT7E.js:1217
[    2519ms] [LOG] [TRACE] sincronizarFormularioPerfil - input profile: {"correo":"juancastaneda120507@gmail.com","tipoUsuario":"cliente","id":2,"activo":true} @ http://localhost:4200/chunk-PZCNFT7E.js:1233
[    2519ms] [LOG] [TRACE] sincronizarFormularioPerfil - profile.cliente: undefined @ http://localhost:4200/chunk-PZCNFT7E.js:1234
[    2519ms] [LOG] [TRACE] sincronizarFormularioPerfil - profile.cliente.nombre: undefined @ http://localhost:4200/chunk-PZCNFT7E.js:1235
[    2519ms] [LOG] [TRACE] sincronizarFormularioPerfil - profile.cliente.telefono: undefined @ http://localhost:4200/chunk-PZCNFT7E.js:1236
[    2520ms] [LOG] [TRACE] sincronizarFormularioPerfil - profile.cliente.direccion: undefined @ http://localhost:4200/chunk-PZCNFT7E.js:1237
[    2520ms] [LOG] [TRACE] sincronizarFormularioPerfil - formPerfil result: {"nombre":"","telefono":"","direccion":""} @ http://localhost:4200/chunk-PZCNFT7E.js:1248
[    2520ms] [LOG] [TRACE] sincronizarFormularioPerfil - snapshotPerfil result: {"nombre":"","telefono":"","direccion":""} @ http://localhost:4200/chunk-PZCNFT7E.js:1249
[    2521ms] [LOG] [TRACE] --- getProfile END --- @ http://localhost:4200/chunk-PZCNFT7E.js:1220
[   45232ms] [LOG] [TRACE] sincronizarFormularioPerfil - input profile: {"correo":"juancastaneda120507@gmail.com","tipoUsuario":"cliente","id":2,"activo":true} @ http://localhost:4200/chunk-PZCNFT7E.js:1233
[   45233ms] [LOG] [TRACE] sincronizarFormularioPerfil - profile.cliente: undefined @ http://localhost:4200/chunk-PZCNFT7E.js:1234
[   45233ms] [LOG] [TRACE] sincronizarFormularioPerfil - profile.cliente.nombre: undefined @ http://localhost:4200/chunk-PZCNFT7E.js:1235
[   45234ms] [LOG] [TRACE] sincronizarFormularioPerfil - profile.cliente.telefono: undefined @ http://localhost:4200/chunk-PZCNFT7E.js:1236
[   45235ms] [LOG] [TRACE] sincronizarFormularioPerfil - profile.cliente.direccion: undefined @ http://localhost:4200/chunk-PZCNFT7E.js:1237
[   45236ms] [LOG] [TRACE] sincronizarFormularioPerfil - formPerfil result: {"nombre":"","telefono":"","direccion":""} @ http://localhost:4200/chunk-PZCNFT7E.js:1248
[   45237ms] [LOG] [TRACE] sincronizarFormularioPerfil - snapshotPerfil result: {"nombre":"","telefono":"","direccion":""} @ http://localhost:4200/chunk-PZCNFT7E.js:1249
[  108714ms] [LOG] [TRACE] --- actualizarPerfil START --- @ http://localhost:4200/chunk-PZCNFT7E.js:1100
[  108715ms] [LOG] [TRACE] formPerfil: {"nombre":"Test Final Verification","telefono":"3009999999","direccion":"Final Test Address"} @ http://localhost:4200/chunk-PZCNFT7E.js:1101
[  108715ms] [LOG] [TRACE] snapshotPerfil: {"nombre":"","telefono":"","direccion":""} @ http://localhost:4200/chunk-PZCNFT7E.js:1102
[  108716ms] [LOG] [TRACE] perfil (this.perfil): {"correo":"juancastaneda120507@gmail.com","tipoUsuario":"cliente","id":2,"activo":true} @ http://localhost:4200/chunk-PZCNFT7E.js:1103
[  108717ms] [LOG] [TRACE] puedeGuardarPerfil: true @ http://localhost:4200/chunk-PZCNFT7E.js:1104
[  108719ms] [LOG] [TRACE] payload construido: {"nombre":"Test Final Verification","telefono":"3009999999","direccion":"Final Test Address"} @ http://localhost:4200/chunk-PZCNFT7E.js:1112
[  108721ms] [LOG] [TRACE] tieneCambios: true @ http://localhost:4200/chunk-PZCNFT7E.js:1114
[  108722ms] [LOG] [TRACE] Llamando updateProfile... @ http://localhost:4200/chunk-PZCNFT7E.js:1122
[  109040ms] [LOG] [TRACE] updateProfile RESPONSE success: true @ http://localhost:4200/chunk-PZCNFT7E.js:1125
[  109040ms] [LOG] [TRACE] updateProfile RESPONSE data: {"cliente":{"direccion":"Final Test Address","telefono":"3009999999","nombre":"Test Final Verification"},"correo":"juancastaneda120507@gmail.com","tipoUsuario":"cliente","id":2,"activo":true} @ http://localhost:4200/chunk-PZCNFT7E.js:1126
[  109040ms] [LOG] [TRACE] updateProfile RESPONSE message: Perfil actualizado correctamente @ http://localhost:4200/chunk-PZCNFT7E.js:1127
[  109040ms] [LOG] [TRACE] SUCCESS - asignando perfil @ http://localhost:4200/chunk-PZCNFT7E.js:1135
[  109041ms] [LOG] [TRACE] perfil asignado: {"cliente":{"direccion":"Final Test Address","telefono":"3009999999","nombre":"Test Final Verification"},"correo":"juancastaneda120507@gmail.com","tipoUsuario":"cliente","id":2,"activo":true} @ http://localhost:4200/chunk-PZCNFT7E.js:1137
[  109041ms] [LOG] [TRACE] perfil.cliente: {"direccion":"Final Test Address","telefono":"3009999999","nombre":"Test Final Verification"} @ http://localhost:4200/chunk-PZCNFT7E.js:1138
[  109041ms] [LOG] [TRACE] llamando sincronizarFormularioPerfil @ http://localhost:4200/chunk-PZCNFT7E.js:1139
[  109041ms] [LOG] [TRACE] sincronizarFormularioPerfil - input profile: {"cliente":{"direccion":"Final Test Address","telefono":"3009999999","nombre":"Test Final Verification"},"correo":"juancastaneda120507@gmail.com","tipoUsuario":"cliente","id":2,"activo":true} @ http://localhost:4200/chunk-PZCNFT7E.js:1233
[  109042ms] [LOG] [TRACE] sincronizarFormularioPerfil - profile.cliente: {"direccion":"Final Test Address","telefono":"3009999999","nombre":"Test Final Verification"} @ http://localhost:4200/chunk-PZCNFT7E.js:1234
[  109042ms] [LOG] [TRACE] sincronizarFormularioPerfil - profile.cliente.nombre: Test Final Verification @ http://localhost:4200/chunk-PZCNFT7E.js:1235
[  109042ms] [LOG] [TRACE] sincronizarFormularioPerfil - profile.cliente.telefono: 3009999999 @ http://localhost:4200/chunk-PZCNFT7E.js:1236
[  109042ms] [LOG] [TRACE] sincronizarFormularioPerfil - profile.cliente.direccion: Final Test Address @ http://localhost:4200/chunk-PZCNFT7E.js:1237
[  109042ms] [LOG] [TRACE] sincronizarFormularioPerfil - formPerfil result: {"nombre":"Test Final Verification","telefono":"3009999999","direccion":"Final Test Address"} @ http://localhost:4200/chunk-PZCNFT7E.js:1248
[  109043ms] [LOG] [TRACE] sincronizarFormularioPerfil - snapshotPerfil result: {"nombre":"Test Final Verification","telefono":"3009999999","direccion":"Final Test Address"} @ http://localhost:4200/chunk-PZCNFT7E.js:1249
[  109043ms] [LOG] [TRACE] formPerfil sincronizado: {"nombre":"Test Final Verification","telefono":"3009999999","direccion":"Final Test Address"} @ http://localhost:4200/chunk-PZCNFT7E.js:1141
[  109043ms] [LOG] [TRACE] snapshotPerfil sincronizado: {"nombre":"Test Final Verification","telefono":"3009999999","direccion":"Final Test Address"} @ http://localhost:4200/chunk-PZCNFT7E.js:1142
[  109044ms] [LOG] [TRACE] --- actualizarPerfil END SUCCESS --- @ http://localhost:4200/chunk-PZCNFT7E.js:1146
